---
source: tests/snapshot_tests.rs
expression: run_benchmark (& path)
---
BenchmarkResult {
    example_name: "examples/array/array_init_both_ends_multiple_sum.vmt",
    status: Good,
    used_instantiations: [
        "(= (Read_Int_Int (Write_Int_Int a+0 i+0 i+0) i+0) i+0)",
        "(= (Read_Int_Int (Write_Int_Int b+0 (- N (+ i+0 1)) i+0) (- N (+ i+0 1))) i+0)",
        "(=> (not (= 0 i+0)) (= (Read_Int_Int (Write_Int_Int a+0 i+0 i+0) 0) (Read_Int_Int a+0 0)))",
        "(=> (not (= 1 (- N (+ i+0 1)))) (= (Read_Int_Int (Write_Int_Int b+0 (- N (+ i+0 1)) i+0) 1) (Read_Int_Int b+0 1)))",
        "(=> (not (= 1 i+0)) (= (Read_Int_Int (Write_Int_Int a+0 i+0 i+0) 1) (Read_Int_Int a+0 1)))",
        "(=> (not (= N (- N (+ i+1 1)))) (= (Read_Int_Int (Write_Int_Int b+0 (- N (+ i+1 1)) N) N) (Read_Int_Int b+0 N)))",
        "(=> (not (= N i+0)) (= (Read_Int_Int (Write_Int_Int a+0 i+0 i+0) N) (Read_Int_Int a+0 N)))",
        "(=> (not (= N sum+7)) (= (Read_Int_Int (Write_Int_Int b+0 sum+7 0) N) (Read_Int_Int b+0 N)))",
        "(=> (not (= i+6 1)) (= (Read_Int_Int (Write_Int_Int b+0 1 0) i+6) (Read_Int_Int b+0 i+6)))",
        "(=> (not (= sum+4 (- N (+ i+0 1)))) (= (Read_Int_Int (Write_Int_Int b+0 (- N (+ i+0 1)) i+0) sum+4) (Read_Int_Int b+0 sum+4)))",
    ],
}
