---
source: tests/snapshot_tests.rs
expression: run_benchmark (& path)
---
BenchmarkResult {
    example_name: "examples/array/array_two_counters_add.vmt",
    status: Good,
    used_instantiations: [
        "(= (Read_Int_Int (Write_Int_Int a+0 1 26726) 1) 26726)",
        "(= (Read_Int_Int (Write_Int_Int a+0 2 2) 2) 2)",
        "(= (Read_Int_Int (Write_Int_Int a+0 Z (- 12768)) Z) (- 12768))",
        "(= (Read_Int_Int (Write_Int_Int a+0 Z 19450) Z) 19450)",
        "(= (Read_Int_Int (Write_Int_Int a+0 Z Z) Z) Z)",
        "(= (Read_Int_Int (Write_Int_Int a+0 i+0 i+0) i+0) i+0)",
        "(= (Read_Int_Int (Write_Int_Int a+0 j+0 (+ (Read_Int_Int a+0 j+0) (Read_Int_Int a+0 i+0))) j+0) (+ (Read_Int_Int a+0 j+0) (Read_Int_Int a+0 i+0)))",
        "(=> (not (= 0 Z)) (= (Read_Int_Int (Write_Int_Int a+0 Z Z) 0) (Read_Int_Int a+0 0)))",
        "(=> (not (= 0 j+0)) (= (Read_Int_Int (Write_Int_Int a+0 j+0 (+ (Read_Int_Int a+0 j+0) (Read_Int_Int a+0 i+0))) 0) (Read_Int_Int a+0 0)))",
        "(=> (not (= 2 Z)) (= (Read_Int_Int (Write_Int_Int a+0 Z Z) 2) (Read_Int_Int a+0 2)))",
        "(=> (not (= 2 j+0)) (= (Read_Int_Int (Write_Int_Int a+0 j+0 (+ (Read_Int_Int a+0 j+0) (Read_Int_Int a+0 i+0))) 2) (Read_Int_Int a+0 2)))",
        "(=> (not (= N 1)) (= (Read_Int_Int (Write_Int_Int a+0 1 26726) N) (Read_Int_Int a+0 N)))",
        "(=> (not (= N i+0)) (= (Read_Int_Int (Write_Int_Int a+0 i+0 i+0) N) (Read_Int_Int a+0 N)))",
        "(=> (not (= N j+0)) (= (Read_Int_Int (Write_Int_Int a+0 j+0 (+ (Read_Int_Int a+0 j+0) (Read_Int_Int a+0 i+0))) N) (Read_Int_Int a+0 N)))",
        "(=> (not (= Z 1)) (= (Read_Int_Int (Write_Int_Int a+0 1 26726) Z) (Read_Int_Int a+0 Z)))",
        "(=> (not (= Z i+0)) (= (Read_Int_Int (Write_Int_Int a+0 i+0 i+0) Z) (Read_Int_Int a+0 Z)))",
        "(=> (not (= Z j+0)) (= (Read_Int_Int (Write_Int_Int a+0 j+0 (+ (Read_Int_Int a+0 j+0) (Read_Int_Int a+0 i+0))) Z) (Read_Int_Int a+0 Z)))",
        "(=> (not (= i+0 j+0)) (= (Read_Int_Int (Write_Int_Int a+0 j+0 (+ (Read_Int_Int a+0 j+0) (Read_Int_Int a+0 i+0))) i+0) (Read_Int_Int a+0 i+0)))",
        "(=> (not (= i+0 j+4)) (= (Read_Int_Int (Write_Int_Int a+4 j+4 (+ (Read_Int_Int a+4 j+4) (Read_Int_Int a+4 i+4))) i+0) (Read_Int_Int a+4 i+0)))",
        "(=> (not (= i+1 2)) (= (Read_Int_Int (Write_Int_Int a+0 2 2) i+1) (Read_Int_Int a+0 i+1)))",
        "(=> (not (= i+2 Z)) (= (Read_Int_Int (Write_Int_Int a+0 Z (- 12768)) i+2) (Read_Int_Int a+0 i+2)))",
        "(=> (not (= i+2 Z)) (= (Read_Int_Int (Write_Int_Int a+0 Z Z) i+2) (Read_Int_Int a+0 i+2)))",
        "(=> (not (= i+2 j+0)) (= (Read_Int_Int (Write_Int_Int a+0 j+0 (+ (Read_Int_Int a+0 j+0) (Read_Int_Int a+0 i+0))) i+2) (Read_Int_Int a+0 i+2)))",
        "(=> (not (= i+3 i+0)) (= (Read_Int_Int (Write_Int_Int a+0 i+0 i+0) i+3) (Read_Int_Int a+0 i+3)))",
        "(=> (not (= i+4 i+0)) (= (Read_Int_Int (Write_Int_Int a+0 i+0 i+0) i+4) (Read_Int_Int a+0 i+4)))",
        "(=> (not (= i+5 i+0)) (= (Read_Int_Int (Write_Int_Int a+0 i+0 i+0) i+5) (Read_Int_Int a+0 i+5)))",
        "(=> (not (= i+7 i+0)) (= (Read_Int_Int (Write_Int_Int a+0 i+0 i+0) i+7) (Read_Int_Int a+0 i+7)))",
        "(=> (not (= j+0 Z)) (= (Read_Int_Int (Write_Int_Int a+1 Z Z) j+0) (Read_Int_Int a+1 j+0)))",
        "(=> (not (= j+0 i+0)) (= (Read_Int_Int (Write_Int_Int a+0 i+0 i+0) j+0) (Read_Int_Int a+0 j+0)))",
        "(=> (not (= j+1 Z)) (= (Read_Int_Int (Write_Int_Int a+0 Z Z) j+1) (Read_Int_Int a+0 j+1)))",
        "(=> (not (= j+1 j+0)) (= (Read_Int_Int (Write_Int_Int a+0 j+0 (+ (Read_Int_Int a+0 j+0) (Read_Int_Int a+0 i+0))) j+1) (Read_Int_Int a+0 j+1)))",
        "(=> (not (= j+2 2)) (= (Read_Int_Int (Write_Int_Int a+0 2 2) j+2) (Read_Int_Int a+0 j+2)))",
        "(=> (not (= j+3 Z)) (= (Read_Int_Int (Write_Int_Int a+0 Z (- 12768)) j+3) (Read_Int_Int a+0 j+3)))",
        "(=> (not (= j+5 i+0)) (= (Read_Int_Int (Write_Int_Int a+0 i+0 i+0) j+5) (Read_Int_Int a+0 j+5)))",
        "(=> (not (= j+6 i+0)) (= (Read_Int_Int (Write_Int_Int a+0 i+0 i+0) j+6) (Read_Int_Int a+0 j+6)))",
        "(=> (not (= j+7 i+0)) (= (Read_Int_Int (Write_Int_Int a+0 i+0 i+0) j+7) (Read_Int_Int a+0 j+7)))",
    ],
}
