---
source: tests/snapshot_tests.rs
expression: run_benchmark(& path)
---
BenchmarkResult {
    example_name: "examples/array/array_two_counters_add.vmt",
    status: Good,
    used_instantiations: [
        "(= (Read_Int_Int (Write_Int_Int a+0 1 9336) Z) (Read_Int_Int a+0 Z))",
        "(= (Read_Int_Int (Write_Int_Int a+0 2 2) 1) (Read_Int_Int a+0 1))",
        "(= (Read_Int_Int (Write_Int_Int a+0 2 2) Z) (Read_Int_Int a+0 Z))",
        "(= (Read_Int_Int (Write_Int_Int a+0 Z 19450) Z) 19450)",
        "(= (Read_Int_Int (Write_Int_Int a+0 Z Z) 1) (Read_Int_Int a+0 1))",
        "(= (Read_Int_Int (Write_Int_Int a+0 Z Z) Z) Z)",
        "(= (Read_Int_Int (Write_Int_Int a+0 Z Z) j+0) (Read_Int_Int a+0 j+0))",
        "(= (Read_Int_Int (Write_Int_Int a+0 i+0 i+0) 1) (Read_Int_Int a+0 1))",
        "(= (Read_Int_Int (Write_Int_Int a+0 i+0 i+0) 2) (Read_Int_Int a+0 2))",
        "(= (Read_Int_Int (Write_Int_Int a+0 i+0 i+0) N) (Read_Int_Int a+0 N))",
        "(= (Read_Int_Int (Write_Int_Int a+0 i+0 i+0) Z) (Read_Int_Int a+0 Z))",
        "(= (Read_Int_Int (Write_Int_Int a+0 i+0 i+0) i+0) i+0)",
        "(= (Read_Int_Int (Write_Int_Int a+0 j+0 (+ (Read_Int_Int a+0 j+0) (Read_Int_Int a+0 i+0))) 2) (Read_Int_Int a+0 2))",
        "(= (Read_Int_Int (Write_Int_Int a+0 j+0 (+ (Read_Int_Int a+0 j+0) (Read_Int_Int a+0 i+0))) N) (Read_Int_Int a+0 N))",
        "(= (Read_Int_Int (Write_Int_Int a+0 j+0 (+ (Read_Int_Int a+0 j+0) (Read_Int_Int a+0 i+0))) Z) (Read_Int_Int a+0 Z))",
        "(= (Read_Int_Int (Write_Int_Int a+0 j+0 (+ (Read_Int_Int a+0 j+0) (Read_Int_Int a+0 i+0))) j+0) (+ (Read_Int_Int a+0 j+0) (Read_Int_Int a+0 i+0)))",
        "(= (Read_Int_Int (Write_Int_Int a+1 i+1 i+1) j+0) (Read_Int_Int a+1 j+0))",
    ],
}
