---
source: tests/snapshot_tests.rs
expression: result
---
VmtSnapshotResult {
    example_name: "examples/distributed_protocols/decentralized_lock/decentralized_lock.vmt",
    config: VmtSnapshotConfig {
        strategy: Concrete,
        solver: Z3,
        target_depth: 5,
    },
    outcome: BoundedSafe {
        solver_checks: 5,
    },
}
