---
source: tests/snapshot_tests.rs
expression: run_benchmark(& path)
---
BenchmarkResult {
    example_name: "examples/array/array_two_counters_add.vmt",
    status: Good,
    used_instantiations: [
        "(= (Read_Int_Int (Write_Int_Int a+0 1 5969) 1) 5969)",
        "(= (Read_Int_Int (Write_Int_Int a+0 i+0 i+0) i+0) i+0)",
        "(= (Read_Int_Int (Write_Int_Int a+0 j+0 (+ (Read_Int_Int a+0 j+0) (Read_Int_Int a+0 i+0))) j+0) (+ (Read_Int_Int a+0 j+0) (Read_Int_Int a+0 i+0)))",
        "(=> (not (= 0 i+0)) (= (Read_Int_Int (Write_Int_Int a+0 i+0 i+0) 0) (Read_Int_Int a+0 0)))",
        "(=> (not (= 0 j+0)) (= (Read_Int_Int (Write_Int_Int a+0 j+0 (+ (Read_Int_Int a+0 j+0) (Read_Int_Int a+0 i+0))) 0) (Read_Int_Int a+0 0)))",
        "(=> (not (= 1 i+0)) (= (Read_Int_Int (Write_Int_Int a+0 i+0 i+0) 1) (Read_Int_Int a+0 1)))",
        "(=> (not (= 2 i+0)) (= (Read_Int_Int (Write_Int_Int a+0 i+0 i+0) 2) (Read_Int_Int a+0 2)))",
        "(=> (not (= 2 j+0)) (= (Read_Int_Int (Write_Int_Int a+0 j+0 (+ (Read_Int_Int a+0 j+0) (Read_Int_Int a+0 i+0))) 2) (Read_Int_Int a+0 2)))",
        "(=> (not (= N i+0)) (= (Read_Int_Int (Write_Int_Int a+0 i+0 i+0) N) (Read_Int_Int a+0 N)))",
        "(=> (not (= N j+0)) (= (Read_Int_Int (Write_Int_Int a+0 j+0 (+ (Read_Int_Int a+0 j+0) (Read_Int_Int a+0 i+0))) N) (Read_Int_Int a+0 N)))",
        "(=> (not (= Z 1)) (= (Read_Int_Int (Write_Int_Int a+0 1 5969) Z) (Read_Int_Int a+0 Z)))",
        "(=> (not (= Z i+0)) (= (Read_Int_Int (Write_Int_Int a+0 i+0 i+0) Z) (Read_Int_Int a+0 Z)))",
        "(=> (not (= Z j+0)) (= (Read_Int_Int (Write_Int_Int a+0 j+0 (+ (Read_Int_Int a+0 j+0) (Read_Int_Int a+0 i+0))) Z) (Read_Int_Int a+0 Z)))",
        "(=> (not (= i+0 j+3)) (= (Read_Int_Int (Write_Int_Int a+3 j+3 (+ (Read_Int_Int a+3 j+3) (Read_Int_Int a+3 i+3))) i+0) (Read_Int_Int a+3 i+0)))",
        "(=> (not (= i+1 j+0)) (= (Read_Int_Int (Write_Int_Int a+0 j+0 (+ (Read_Int_Int a+0 j+0) (Read_Int_Int a+0 i+0))) i+1) (Read_Int_Int a+0 i+1)))",
        "(=> (not (= i+2 i+0)) (= (Read_Int_Int (Write_Int_Int a+0 i+0 i+0) i+2) (Read_Int_Int a+0 i+2)))",
        "(=> (not (= i+2 j+0)) (= (Read_Int_Int (Write_Int_Int a+0 j+0 (+ (Read_Int_Int a+0 j+0) (Read_Int_Int a+0 i+0))) i+2) (Read_Int_Int a+0 i+2)))",
        "(=> (not (= i+6 i+0)) (= (Read_Int_Int (Write_Int_Int a+0 i+0 i+0) i+6) (Read_Int_Int a+0 i+6)))",
        "(=> (not (= j+0 i+0)) (= (Read_Int_Int (Write_Int_Int a+0 i+0 i+0) j+0) (Read_Int_Int a+0 j+0)))",
        "(=> (not (= j+0 i+1)) (= (Read_Int_Int (Write_Int_Int a+1 i+1 i+1) j+0) (Read_Int_Int a+1 j+0)))",
        "(=> (not (= j+1 j+0)) (= (Read_Int_Int (Write_Int_Int a+0 j+0 (+ (Read_Int_Int a+0 j+0) (Read_Int_Int a+0 i+0))) j+1) (Read_Int_Int a+0 j+1)))",
        "(=> (not (= j+2 j+0)) (= (Read_Int_Int (Write_Int_Int a+0 j+0 (+ (Read_Int_Int a+0 j+0) (Read_Int_Int a+0 i+0))) j+2) (Read_Int_Int a+0 j+2)))",
    ],
}
