---
source: tests/snapshot_tests.rs
expression: run_benchmark(& path)
---
BenchmarkResult {
    example_name: "examples/array/array_standard_copy4.vmt",
    status: Good,
    used_instantiations: [
        "(= (Read_Int_Int (Write_Int_Int a+0 i+0 x+0) i+0) x+0)",
        "(= (Read_Int_Int (Write_Int_Int b+0 Z 18) Z) 18)",
        "(= (Read_Int_Int (Write_Int_Int b+0 Z 19) Z) 19)",
        "(= (Read_Int_Int (Write_Int_Int b+0 Z 22) Z) 22)",
        "(= (Read_Int_Int (Write_Int_Int b+0 Z 25) Z) 25)",
        "(= (Read_Int_Int (Write_Int_Int b+0 i+0 (Read_Int_Int a+0 i+0)) i+0) (Read_Int_Int a+0 i+0))",
        "(= (Read_Int_Int (Write_Int_Int c+0 0 20) 0) 20)",
        "(= (Read_Int_Int (Write_Int_Int c+0 Z 11) Z) 11)",
        "(= (Read_Int_Int (Write_Int_Int c+0 Z 30) Z) 30)",
        "(= (Read_Int_Int (Write_Int_Int c+0 Z 31) Z) 31)",
        "(= (Read_Int_Int (Write_Int_Int c+0 i+0 (Read_Int_Int b+0 i+0)) i+0) (Read_Int_Int b+0 i+0))",
        "(= (Read_Int_Int (Write_Int_Int d+0 Z 23) Z) 23)",
        "(= (Read_Int_Int (Write_Int_Int d+3 i+0 27) i+0) 27)",
        "(= (Read_Int_Int (Write_Int_Int d+3 i+1 x+0) i+1) x+0)",
        "(=> (not (= 0 i+0)) (= (Read_Int_Int (Write_Int_Int d+0 i+0 (Read_Int_Int c+0 i+0)) 0) (Read_Int_Int d+0 0)))",
        "(=> (not (= N Z)) (= (Read_Int_Int (Write_Int_Int c+0 Z 21) N) (Read_Int_Int c+0 N)))",
        "(=> (not (= N i+0)) (= (Read_Int_Int (Write_Int_Int a+0 i+0 x+0) N) (Read_Int_Int a+0 N)))",
        "(=> (not (= N i+0)) (= (Read_Int_Int (Write_Int_Int c+0 i+0 (Read_Int_Int b+0 i+0)) N) (Read_Int_Int c+0 N)))",
        "(=> (not (= N i+0)) (= (Read_Int_Int (Write_Int_Int d+0 i+0 (Read_Int_Int c+0 i+0)) N) (Read_Int_Int d+0 N)))",
        "(=> (not (= Z N)) (= (Read_Int_Int (Write_Int_Int d+0 N 8) Z) (Read_Int_Int d+0 Z)))",
        "(=> (not (= Z i+0)) (= (Read_Int_Int (Write_Int_Int b+0 i+0 (Read_Int_Int a+0 i+0)) Z) (Read_Int_Int b+0 Z)))",
        "(=> (not (= Z i+0)) (= (Read_Int_Int (Write_Int_Int c+0 i+0 (Read_Int_Int b+0 i+0)) Z) (Read_Int_Int c+0 Z)))",
        "(=> (not (= i+3 i+0)) (= (Read_Int_Int (Write_Int_Int b+0 i+0 (Read_Int_Int a+0 i+0)) i+3) (Read_Int_Int b+0 i+3)))",
        "(=> (not (= i+7 0)) (= (Read_Int_Int (Write_Int_Int b+0 0 10) i+7) (Read_Int_Int b+0 i+7)))",
        "(=> (not (= i+7 i+0)) (= (Read_Int_Int (Write_Int_Int b+0 i+0 (Read_Int_Int a+0 i+0)) i+7) (Read_Int_Int b+0 i+7)))",
    ],
}
